// Jest Snapshot v1, https://goo.gl/fbAQLP

exports[`renders correctly 1`] = `
<div
  className="field-group"
>
  <p
    className="inline-label"
  >
    R$
  </p>
  <div
    className="field"
  >
    <label
      htmlFor="inputId"
    >
      Test
    </label>
    <input
      id="inputId"
      max={900}
      min={100}
      name="inputId"
      onBlur={[Function]}
      onChange={[Function]}
      required={true}
      step="0.01"
      type="number"
      value={0}
    />
  </div>
  <div
    className="field"
  >
    <div
      className="range"
    >
      <input
        id="inputId"
        max={900}
        min={100}
        name="inputId"
        onChange={[Function]}
        onInput={[Function]}
        step="10"
        type="range"
        value={0}
      />
      <div
        className="range__values"
      >
        <span>
          R$100.00
        </span>
        <span>
          R$900.00
        </span>
      </div>
    </div>
  </div>
</div>
`;
