// Jest Snapshot v1, https://goo.gl/fbAQLP

exports[`renders correctly 1`] = `
<div
  className="field-group"
>
  <div
    className="field"
  >
    <label
      htmlFor="inputId"
    >
      Test
    </label>
    <input
      id="inputId"
      name="inputId"
      onChange={[Function]}
      required={true}
      type="text"
    />
  </div>
  <div
    className="field"
  >
    <div
      className="range"
    >
      <input
        id="inputId"
        name="inputId"
        onChange={[Function]}
        step="10"
        type="range"
      />
      <div
        className="range__values"
      >
        <span>
          R$NaN
        </span>
        <span>
          R$NaN
        </span>
      </div>
    </div>
  </div>
</div>
`;
